[debug] [2026-09-17T13:20:52.017Z] ----------------------------------------------------------------------
[debug] [2026-09-17T13:20:52.022Z] Command:       /opt/homebrew/Cellar/node@22/22.21.1_4/bin/node /opt/homebrew/bin/firebase init
[debug] [2026-09-17T13:20:52.022Z] CLI Version:   15.30.1
[debug] [2026-09-17T13:20:52.022Z] Platform:      darwin
[debug] [2026-09-17T13:20:52.022Z] Node Version:  v22.21.1
[debug] [2026-09-17T13:20:52.023Z] Detected Agent: unknown
[debug] [2026-09-17T13:20:52.023Z] Time:          Thu Sep 17 2026 20:20:52 GMT+0700 (Western Indonesia Time)
[debug] [2026-09-17T13:20:52.023Z] ----------------------------------------------------------------------
[debug] 
[info] 
     ######## #### ########  ######## ########     ###     ######  ########
     ##        ##  ##     ## ##       ##     ##  ##   ##  ##       ##
     ######    ##  ########  ######   ########  #########  ######  ######
     ##        ##  ##    ##  ##       ##     ## ##     ##       ## ##
     ##       #### ##     ## ######## ########  ##     ##  ######  ########

You're about to initialize a Firebase project in this directory:

  /Users/jason.anggakusuma/jason_kerja/park_n_shine_fe

[info] 
=== Project Setup
[info] 
[info] First, let's associate this project directory with a Firebase project.
[info] You can create multiple project aliases by running firebase use --add, 
[info] 
[debug] [2026-09-17T13:21:36.940Z] > command requires scopes: ["email","openid","https://www.googleapis.com/auth/cloudplatformprojects.readonly","https://www.googleapis.com/auth/firebase","https://www.googleapis.com/auth/cloud-platform"]
[debug] [2026-09-17T13:21:36.940Z] > authorizing via signed-in user (info@parknshine.net)
[debug] [2026-09-17T13:21:36.958Z] Checked if tokens are valid: true, expires at: 1789654837189
[debug] [2026-09-17T13:21:36.959Z] Checked if tokens are valid: true, expires at: 1789654837189
[debug] [2026-09-17T13:21:36.960Z] >>> [apiv2][query] GET https://firebase.googleapis.com/v1beta1/projects pageSize=100
[debug] [2026-09-17T13:21:38.078Z] <<< [apiv2][status] GET https://firebase.googleapis.com/v1beta1/projects 200
[debug] [2026-09-17T13:21:38.078Z] <<< [apiv2][body] GET https://firebase.googleapis.com/v1beta1/projects [omitted]
[info] 
=== Hosting Setup
[info] 
[debug] [2026-09-17T13:22:54.884Z] ExitPromptError: User force closed the prompt with SIGINT
    at Interface.sigint (/opt/homebrew/lib/node_modules/firebase-tools/node_modules/@inquirer/core/dist/commonjs/lib/create-prompt.js:101:37)
    at Interface.emit (node:events:519:28)
    at [_ttyWrite] [as _ttyWrite] (node:internal/readline/interface:1134:18)
    at ReadStream.onkeypress (node:internal/readline/interface:271:20)
    at ReadStream.emit (node:events:531:35)
    at emitKeys (node:internal/readline/utils:370:14)
    at emitKeys.next (<anonymous>)
    at ReadStream.onData (node:internal/readline/emitKeypressEvents:64:36)
    at ReadStream.emit (node:events:519:28)
    at addChunk (node:internal/streams/readable:561:12)
[error] 
[error] Error: An unexpected error has occurred.
[debug] [2026-09-17T13:22:57.971Z] ----------------------------------------------------------------------
[debug] [2026-09-17T13:22:57.974Z] Command:       /opt/homebrew/Cellar/node@22/22.21.1_4/bin/node /opt/homebrew/bin/firebase init
[debug] [2026-09-17T13:22:57.974Z] CLI Version:   15.30.1
[debug] [2026-09-17T13:22:57.974Z] Platform:      darwin
[debug] [2026-09-17T13:22:57.974Z] Node Version:  v22.21.1
[debug] [2026-09-17T13:22:57.974Z] Detected Agent: unknown
[debug] [2026-09-17T13:22:57.974Z] Time:          Thu Sep 17 2026 20:22:57 GMT+0700 (Western Indonesia Time)
[debug] [2026-09-17T13:22:57.974Z] ----------------------------------------------------------------------
[debug] 
[info] 
     ######## #### ########  ######## ########     ###     ######  ########
     ##        ##  ##     ## ##       ##     ##  ##   ##  ##       ##
     ######    ##  ########  ######   ########  #########  ######  ######
     ##        ##  ##    ##  ##       ##     ## ##     ##       ## ##
     ##       #### ##     ## ######## ########  ##     ##  ######  ########

You're about to initialize a Firebase project in this directory:

  /Users/jason.anggakusuma/jason_kerja/park_n_shine_fe

[debug] [2026-09-17T13:23:02.722Z] ExitPromptError: User force closed the prompt with SIGINT
    at Interface.sigint (/opt/homebrew/lib/node_modules/firebase-tools/node_modules/@inquirer/core/dist/commonjs/lib/create-prompt.js:101:37)
    at Interface.emit (node:events:519:28)
    at [_ttyWrite] [as _ttyWrite] (node:internal/readline/interface:1134:18)
    at ReadStream.onkeypress (node:internal/readline/interface:271:20)
    at ReadStream.emit (node:events:531:35)
    at emitKeys (node:internal/readline/utils:370:14)
    at emitKeys.next (<anonymous>)
    at ReadStream.onData (node:internal/readline/emitKeypressEvents:64:36)
    at ReadStream.emit (node:events:519:28)
    at addChunk (node:internal/streams/readable:561:12)
[error] 
[error] Error: An unexpected error has occurred.
